04:00:02  Running with dbt=1.11.11
04:00:03  Registered adapter: sqlserver=1.9.2
04:00:03  [WARNING]: Configuration paths exist in your dbt_project.yml file which do not apply to any resources.
There are 1 unused configuration paths:
- models.dbt_ockero.1-brons.schoolsoft_api
04:00:03  Found 41 models, 12 sources, 521 macros
04:00:03  
04:00:03  Concurrency: 1 threads (target='dev')
04:00:03  
04:00:03  1 of 41 START sql table model brons.elin_export_data ........................... [RUN]
04:00:04  1 of 41 OK created sql table model brons.elin_export_data ...................... [OK in 0.46s]
04:00:04  2 of 41 START sql table model brons.elin_export_data_skolformer ................ [RUN]
04:00:04  2 of 41 OK created sql table model brons.elin_export_data_skolformer ........... [OK in 0.10s]
04:00:04  3 of 41 START sql table model brons.schoolsoft_ea_csv_barn ..................... [RUN]
04:00:04  3 of 41 OK created sql table model brons.schoolsoft_ea_csv_barn ................ [OK in 0.14s]
04:00:04  4 of 41 START sql table model brons.schoolsoft_ea_csv_elever ................... [RUN]
04:00:04  4 of 41 OK created sql table model brons.schoolsoft_ea_csv_elever .............. [OK in 0.24s]
04:00:04  5 of 41 START sql table model brons.schoolsoft_legacy_schools .................. [RUN]
04:00:04  5 of 41 OK created sql table model brons.schoolsoft_legacy_schools ............. [OK in 0.14s]
04:00:04  6 of 41 START sql table model brons.schoolsoft_legacy_studentgrades ............ [RUN]
04:00:07  6 of 41 OK created sql table model brons.schoolsoft_legacy_studentgrades ....... [OK in 2.14s]
04:00:07  7 of 41 START sql table model brons.schoolsoft_legacy_subjects ................. [RUN]
04:00:07  7 of 41 OK created sql table model brons.schoolsoft_legacy_subjects ............ [OK in 0.17s]
04:00:07  8 of 41 START sql table model brons.schoolsoft_organisation_school_types ....... [RUN]
04:00:07  8 of 41 OK created sql table model brons.schoolsoft_organisation_school_types .. [OK in 0.10s]
04:00:07  9 of 41 START sql table model brons.schoolsoft_organisations ................... [RUN]
04:00:07  9 of 41 OK created sql table model brons.schoolsoft_organisations .............. [OK in 0.14s]
04:00:07  10 of 41 START sql table model brons.schoolsoft_person_group_memberships ....... [RUN]
04:00:07  10 of 41 OK created sql table model brons.schoolsoft_person_group_memberships .. [OK in 0.30s]
04:00:07  11 of 41 START sql table model brons.schoolsoft_persons ........................ [RUN]
04:00:09  11 of 41 OK created sql table model brons.schoolsoft_persons ................... [OK in 1.25s]
04:00:09  12 of 41 START sql table model brons.schoolsoft_persons_addresses .............. [RUN]
04:00:09  12 of 41 OK created sql table model brons.schoolsoft_persons_addresses ......... [OK in 0.23s]
04:00:09  13 of 41 START sql table model brons.schoolsoft_persons_enrolments ............. [RUN]
04:00:09  13 of 41 OK created sql table model brons.schoolsoft_persons_enrolments ........ [OK in 0.18s]
04:00:09  14 of 41 START sql table model brons.schoolsoft_placement_persons .............. [RUN]
04:00:09  14 of 41 OK created sql table model brons.schoolsoft_placement_persons ......... [OK in 0.15s]
04:00:09  15 of 41 START sql table model brons.schoolsoft_placements ..................... [RUN]
04:00:09  15 of 41 OK created sql table model brons.schoolsoft_placements ................ [OK in 0.21s]
04:00:09  16 of 41 START sql table model brons.skola24_activities ........................ [RUN]
04:00:10  16 of 41 OK created sql table model brons.skola24_activities ................... [OK in 0.13s]
04:00:10  17 of 41 START sql table model brons.skola24_attendances ....................... [RUN]
04:00:12  17 of 41 OK created sql table model brons.skola24_attendances .................. [OK in 2.60s]
04:00:12  18 of 41 START sql table model brons.skola24_calendar_events ................... [RUN]
04:00:12  18 of 41 OK created sql table model brons.skola24_calendar_events .............. [OK in 0.13s]
04:00:12  19 of 41 START sql table model brons.skola24_calendar_events__rooms ............ [RUN]
04:00:12  19 of 41 OK created sql table model brons.skola24_calendar_events__rooms ....... [OK in 0.13s]
04:00:12  20 of 41 START sql table model brons.skola24_group_memberships ................. [RUN]
04:00:13  20 of 41 OK created sql table model brons.skola24_group_memberships ............ [OK in 0.18s]
04:00:13  21 of 41 START sql table model brons.skola24_organisations ..................... [RUN]
04:00:13  21 of 41 OK created sql table model brons.skola24_organisations ................ [OK in 0.07s]
04:00:13  22 of 41 START sql table model brons.skola24_persons ........................... [RUN]
04:00:13  22 of 41 OK created sql table model brons.skola24_persons ...................... [OK in 0.12s]
04:00:13  23 of 41 START sql view model silver.elever_schoolsoft_ea ...................... [RUN]
04:00:14  23 of 41 OK created sql view model silver.elever_schoolsoft_ea ................. [OK in 0.05s]
04:00:14  24 of 41 START sql view model silver.skola_schoolsoft .......................... [RUN]
04:00:14  24 of 41 OK created sql view model silver.skola_schoolsoft ..................... [OK in 0.05s]
04:00:14  25 of 41 START sql view model silver.elever_anonymisering ...................... [RUN]
04:00:14  25 of 41 OK created sql view model silver.elever_anonymisering ................. [OK in 0.04s]
04:00:14  26 of 41 START sql view model silver.organisation_skola24 ...................... [RUN]
04:00:14  26 of 41 OK created sql view model silver.organisation_skola24 ................. [OK in 0.04s]
04:00:14  27 of 41 START sql table model guld_skola.d_skola .............................. [RUN]
04:00:14  27 of 41 OK created sql table model guld_skola.d_skola ......................... [OK in 0.11s]
04:00:14  28 of 41 START sql view model silver.elever_elin ............................... [RUN]
04:00:14  28 of 41 OK created sql view model silver.elever_elin .......................... [OK in 0.05s]
04:00:14  29 of 41 START sql view model silver.elever_schoolsoft ......................... [RUN]
04:00:14  29 of 41 OK created sql view model silver.elever_schoolsoft .................... [OK in 0.12s]
04:00:14  30 of 41 START sql view model silver.skola_skola24 ............................. [RUN]
04:00:14  30 of 41 OK created sql view model silver.skola_skola24 ........................ [OK in 0.04s]
04:00:14  31 of 41 START sql table model guld_skola.d_elever_ea .......................... [RUN]
04:00:15  31 of 41 OK created sql table model guld_skola.d_elever_ea ..................... [OK in 0.43s]
04:00:15  32 of 41 START sql view model silver.betyg_schoolsoft .......................... [RUN]
04:00:15  32 of 41 OK created sql view model silver.betyg_schoolsoft ..................... [OK in 0.05s]
04:00:15  33 of 41 START sql table model guld_skola.d_elever ............................. [RUN]
04:00:15  33 of 41 OK created sql table model guld_skola.d_elever ........................ [OK in 0.58s]
04:00:15  34 of 41 START sql table model guld_skola.d_skola_skola24 ...................... [RUN]
04:00:16  34 of 41 OK created sql table model guld_skola.d_skola_skola24 ................. [OK in 0.07s]
04:00:16  35 of 41 START sql view model silver.elever_skola24 ............................ [RUN]
04:00:16  35 of 41 OK created sql view model silver.elever_skola24 ....................... [OK in 0.04s]
04:00:16  36 of 41 START sql view model silver.lektioner_skola24 ......................... [RUN]
04:00:16  36 of 41 OK created sql view model silver.lektioner_skola24 .................... [OK in 0.04s]
04:00:16  37 of 41 START sql table model guld_skola.f_betyg .............................. [RUN]
04:00:17  37 of 41 OK created sql table model guld_skola.f_betyg ......................... [OK in 1.15s]
04:00:17  38 of 41 START sql table model guld_skola.d_elever_skola24 ..................... [RUN]
04:00:18  38 of 41 OK created sql table model guld_skola.d_elever_skola24 ................ [OK in 1.50s]
04:00:18  39 of 41 START sql table model guld_skola.d_lektioner .......................... [RUN]
04:00:18  39 of 41 OK created sql table model guld_skola.d_lektioner ..................... [OK in 0.25s]
04:00:18  40 of 41 START sql view model silver.narvaro_skola24 ........................... [RUN]
04:00:19  40 of 41 OK created sql view model silver.narvaro_skola24 ...................... [OK in 0.03s]
04:00:19  41 of 41 START sql table model guld_skola.f_narvaro ............................ [RUN]
04:00:23  41 of 41 OK created sql table model guld_skola.f_narvaro ....................... [OK in 4.10s]
04:00:23  
04:00:23  Finished running 30 table models, 11 view models in 0 hours 0 minutes and 19.56 seconds (19.56s).
04:00:23  
04:00:23  Completed successfully
04:00:23  
04:00:23  Done. PASS=41 WARN=0 ERROR=0 SKIP=0 NO-OP=0 TOTAL=41
